run_id=2026-06-10T08-20Z
raw_records=247
cleaned_records=37
quarantine_records=210
cleaned_csv=artifacts\cleaned\cleaned_2026-06-10T08-20Z.csv
quarantine_csv=artifacts\quarantine\quarantine_2026-06-10T08-20Z.csv
expectation[min_one_row] OK (halt) :: cleaned_rows=37
expectation[no_empty_doc_id] OK (halt) :: empty_doc_id_count=0
expectation[refund_no_stale_14d_window] OK (halt) :: violations=0
expectation[chunk_min_length_8] OK (warn) :: short_chunks=0
expectation[effective_date_iso_yyyy_mm_dd] OK (halt) :: non_iso_rows=0
expectation[hr_leave_no_stale_10d_annual] OK (halt) :: violations=0
expectation[access_control_present] OK (halt) :: access_control_rows=6
expectation[no_ambiguous_chunk_text] OK (halt) :: ambiguous_rows=0
expectation[exported_at_iso_datetime] OK (halt) :: bad_exported_at=0
expectation[p1_escalation_10min_present] OK (halt) :: p1_escalation_rows=1
embed_prune_removed=2
embed_upsert count=37 collection=day10_kb
manifest_written=artifacts\manifests\manifest_2026-06-10T08-20Z.json
freshness_check=FAIL {"latest_exported_at": "2026-04-11T00:00:00", "age_hours": 1448.343, "sla_hours": 24.0, "reason": "freshness_sla_exceeded"}
PIPELINE_OK
